Submitted batch job 18907958
Submitted batch job 18907959
Submitted batch job 18907960
Submitted batch job 18907961
Submitted batch job 18907962
Submitted batch job 18907963
Submitted batch job 18907964
